// Jest Snapshot v1, https://goo.gl/fbAQLP

exports[`notifications reducer handles action enqueueSnackbar 1`] = `
Array [
  Object {
    "key": 1603456190824.9949,
    "message": "This is a sample message",
    "options": Object {
      "persistent": true,
    },
  },
]
`;

exports[`notifications reducer handles action removeSnackbar 1`] = `Array []`;
