// Jest Snapshot v1, https://goo.gl/fbAQLP

exports[`ChannelInput will receive right actions 1`] = `
Object {
  "checkMentions": [Function],
  "onChange": [Function],
  "resetDebounce": [Function],
  "sendOnEnter": [Function],
}
`;

exports[`ChannelInput will receive right props 1`] = `
Object {
  "channelName": undefined,
  "id": 1234,
  "inputState": 0,
  "isMessageTooLong": null,
  "members": Set {},
  "message": "",
  "myUser": undefined,
  "users": Object {},
}
`;
