// Jest Snapshot v1, https://goo.gl/fbAQLP

exports[`AddDirectMessage renders component 1`] = `
<body>
  <div>
    <button
      class="MuiButtonBase-root MuiIconButton-root makeStyles-button-3"
      tabindex="0"
      type="button"
    >
      <span
        class="MuiIconButton-label"
      >
        <img
          class="makeStyles-icon-2"
          src="test-file-stub"
        />
      </span>
    </button>
  </div>
</body>
`;
