// Jest Snapshot v1, https://goo.gl/fbAQLP

exports[`ChannelInputAction renders component 1`] = `
<Memo(WithStyles(MenuAction))
  classes={
    Object {
      "button": "makeStyles-button-1",
      "icon": "makeStyles-icon-2",
    }
  }
  icon="test-file-stub"
  iconHover="test-file-stub"
  offset="-10 12"
  placement="top-end"
>
  <Memo(WithStyles(MenuActionItem))
    onClick={[Function]}
    title="Send money"
  />
</Memo(WithStyles(MenuAction))>
`;
