// Jest Snapshot v1, https://goo.gl/fbAQLP

exports[`Index renders component 1`] = `
<Component
  className="makeStyles-root-1"
>
  <Component
    message="Launching node"
  />
</Component>
`;

exports[`Index renders when bootstrapping 1`] = `
<Component
  className="makeStyles-root-1"
>
  <Component
    message="Launching node"
  />
</Component>
`;
